PHPUnit 10.5.63 by Sebastian Bergmann and contributors.

Runtime:       PHP 8.3.6
Configuration: /home/rubenlinde/memcap-work/lq-lanes/sq-tails/phpunit.xml

.............................................................   61 / 5409 (  1%)
.............................................................  122 / 5409 (  2%)
.............................................................  183 / 5409 (  3%)
.............................................................  244 / 5409 (  4%)
.............................................................  305 / 5409 (  5%)
.............................................................  366 / 5409 (  6%)
.............................................................  427 / 5409 (  7%)
.............................................................  488 / 5409 (  9%)
.............................................................  549 / 5409 ( 10%)
.............................................................  610 / 5409 ( 11%)
.............................................................  671 / 5409 ( 12%)
.............................................................  732 / 5409 ( 13%)
.............................................................  793 / 5409 ( 14%)
.............................................................  854 / 5409 ( 15%)
.............................................................  915 / 5409 ( 16%)
.............................................................  976 / 5409 ( 18%)
............................................................. 1037 / 5409 ( 19%)
............................................................. 1098 / 5409 ( 20%)
............................................................. 1159 / 5409 ( 21%)
............................................................. 1220 / 5409 ( 22%)
............................................................. 1281 / 5409 ( 23%)
............................................................. 1342 / 5409 ( 24%)
............................................................. 1403 / 5409 ( 25%)
............................................................. 1464 / 5409 ( 27%)
............................................................. 1525 / 5409 ( 28%)
............................................................. 1586 / 5409 ( 29%)
............................................................. 1647 / 5409 ( 30%)
............................................................. 1708 / 5409 ( 31%)
............................................................. 1769 / 5409 ( 32%)
............................................................. 1830 / 5409 ( 33%)
............................................................. 1891 / 5409 ( 34%)
............................................................. 1952 / 5409 ( 36%)
............................................................. 2013 / 5409 ( 37%)
............................................................. 2074 / 5409 ( 38%)
............................................................. 2135 / 5409 ( 39%)
............................................................. 2196 / 5409 ( 40%)
............................................................. 2257 / 5409 ( 41%)
............................................................. 2318 / 5409 ( 42%)
............................................................. 2379 / 5409 ( 43%)
............................................................. 2440 / 5409 ( 45%)
............................................................. 2501 / 5409 ( 46%)
............................................................. 2562 / 5409 ( 47%)
............................................................. 2623 / 5409 ( 48%)
............................................................. 2684 / 5409 ( 49%)
............................................................. 2745 / 5409 ( 50%)
............................................................. 2806 / 5409 ( 51%)
............................................................. 2867 / 5409 ( 53%)
............................................................. 2928 / 5409 ( 54%)
............................................................. 2989 / 5409 ( 55%)
............................................................. 3050 / 5409 ( 56%)
............................................................. 3111 / 5409 ( 57%)
............................................................. 3172 / 5409 ( 58%)
............................................................. 3233 / 5409 ( 59%)
............................................................. 3294 / 5409 ( 60%)
............................................................. 3355 / 5409 ( 62%)
............................................................. 3416 / 5409 ( 63%)
............................................................. 3477 / 5409 ( 64%)
............................................................. 3538 / 5409 ( 65%)
............................................................. 3599 / 5409 ( 66%)
............................................................. 3660 / 5409 ( 67%)
............................................................. 3721 / 5409 ( 68%)
............................................................. 3782 / 5409 ( 69%)
............................................................. 3843 / 5409 ( 71%)
............................................................. 3904 / 5409 ( 72%)
............................................................. 3965 / 5409 ( 73%)
............................................................. 4026 / 5409 ( 74%)
............................................................. 4087 / 5409 ( 75%)
............................................................. 4148 / 5409 ( 76%)
............................................................. 4209 / 5409 ( 77%)
............................................................. 4270 / 5409 ( 78%)
............................................................. 4331 / 5409 ( 80%)
............................................................. 4392 / 5409 ( 81%)
............................................................. 4453 / 5409 ( 82%)
............................................................. 4514 / 5409 ( 83%)
............................................................. 4575 / 5409 ( 84%)
............................................................. 4636 / 5409 ( 85%)
............................................................. 4697 / 5409 ( 86%)
............................................................. 4758 / 5409 ( 87%)
............................................................. 4819 / 5409 ( 89%)
............................................................. 4880 / 5409 ( 90%)
............................................................. 4941 / 5409 ( 91%)
............................................................. 5002 / 5409 ( 92%)
............................................................. 5063 / 5409 ( 93%)
............................................................. 5124 / 5409 ( 94%)
............................................................. 5185 / 5409 ( 95%)
............................................................. 5246 / 5409 ( 96%)
............................................................. 5307 / 5409 ( 98%)
............................................................. 5368 / 5409 ( 99%)
.........................................                     5409 / 5409 (100%)

Time: 04:05.880, Memory: 174.50 MB

There was 1 PHPUnit test runner warning:

1) No code coverage driver available

OK, but there were issues!
Tests: 5409, Assertions: 49439, PHPUnit Warnings: 1.
